[2026-03-22T05:34:37.484Z] ACCESS: Creating blog: The Quiet Warning Signs of Mental Health Issues Most People Miss
[2026-03-22T23:50:05.291Z] ACCESS: Creating blog: How Mental Health Stigma Hurts People Going Through Divorce
[2026-03-23T00:42:13.164Z] ACCESS: Updating blog with ID: 69c0802d79b2cdd618448ef8
[2026-03-23T00:42:13.993Z] ACCESS: Blog updated successfully: 69c0802d79b2cdd618448ef8
[2026-03-23T02:59:15.119Z] ACCESS: Updating blog with ID: 69c0802d79b2cdd618448ef8
[2026-03-23T02:59:15.475Z] ACCESS: Updating blog with ID: 69c0802d79b2cdd618448ef8
[2026-03-23T02:59:15.661Z] ACCESS: Blog updated successfully: 69c0802d79b2cdd618448ef8
[2026-03-23T02:59:15.786Z] ACCESS: Blog updated successfully: 69c0802d79b2cdd618448ef8
[2026-03-23T03:07:37.042Z] ACCESS: Updating blog with ID: 69c0802d79b2cdd618448ef8
[2026-03-23T03:07:37.246Z] ACCESS: Blog updated successfully: 69c0802d79b2cdd618448ef8
[2026-03-23T07:44:24.755Z] ACCESS: Creating blog: The Four Attachment Styles: A Complete Guide to Understanding Your Relationship Patterns
[2026-03-23T07:45:39.710Z] ACCESS: Updating blog with ID: 69c0ef5879b2cdd618448f0a
[2026-03-23T07:45:39.933Z] ACCESS: Blog updated successfully: 69c0ef5879b2cdd618448f0a
[2026-03-23T07:46:17.425Z] ACCESS: Updating blog with ID: 69c0ef5879b2cdd618448f0a
[2026-03-23T07:46:17.692Z] ACCESS: Blog updated successfully: 69c0ef5879b2cdd618448f0a
[2026-03-23T07:46:58.636Z] ACCESS: Updating blog with ID: 69c0ef5879b2cdd618448f0a
[2026-03-23T07:46:58.827Z] ACCESS: Blog updated successfully: 69c0ef5879b2cdd618448f0a
[2026-03-23T07:47:35.536Z] ACCESS: Updating blog with ID: 69c0ef5879b2cdd618448f0a
[2026-03-23T07:47:35.687Z] ACCESS: Blog updated successfully: 69c0ef5879b2cdd618448f0a
[2026-03-23T07:48:07.208Z] ACCESS: Updating blog with ID: 69c0ef5879b2cdd618448f0a
[2026-03-23T07:48:07.410Z] ACCESS: Blog updated successfully: 69c0ef5879b2cdd618448f0a
[2026-03-23T07:49:05.801Z] ACCESS: Updating blog with ID: 69c0ef5879b2cdd618448f0a
[2026-03-23T07:49:05.996Z] ACCESS: Blog updated successfully: 69c0ef5879b2cdd618448f0a
[2026-03-23T07:49:50.197Z] ACCESS: Updating blog with ID: 69c0ef5879b2cdd618448f0a
[2026-03-23T07:49:50.371Z] ACCESS: Blog updated successfully: 69c0ef5879b2cdd618448f0a
[2026-03-23T07:50:22.963Z] ACCESS: Updating blog with ID: 69c0ef5879b2cdd618448f0a
[2026-03-23T07:50:23.190Z] ACCESS: Blog updated successfully: 69c0ef5879b2cdd618448f0a
[2026-03-23T07:55:16.289Z] ACCESS: Updating blog with ID: 69c0ef5879b2cdd618448f0a
[2026-03-23T07:55:16.487Z] ACCESS: Blog updated successfully: 69c0ef5879b2cdd618448f0a
[2026-03-23T07:55:51.849Z] ACCESS: Updating blog with ID: 69c0ef5879b2cdd618448f0a
[2026-03-23T07:55:52.023Z] ACCESS: Blog updated successfully: 69c0ef5879b2cdd618448f0a
[2026-03-23T07:57:20.781Z] ACCESS: Updating blog with ID: 69c0802d79b2cdd618448ef8
[2026-03-23T07:57:21.104Z] ACCESS: Blog updated successfully: 69c0802d79b2cdd618448ef8
[2026-03-23T10:16:25.709Z] ACCESS: Creating blog: “Dhurandhar: The Revenge” and the Psychology of Spies Living Between Truth and Deception
[2026-03-23T10:19:07.870Z] ACCESS: Updating blog with ID: 69c112f9a8defcf304cd3471
[2026-03-23T10:19:08.053Z] ACCESS: Blog updated successfully: 69c112f9a8defcf304cd3471
[2026-03-23T10:30:30.779Z] ACCESS: Updating blog with ID: 69c112f9a8defcf304cd3471
[2026-03-23T10:30:30.945Z] ACCESS: Blog updated successfully: 69c112f9a8defcf304cd3471
[2026-03-25T05:06:59.110Z] ACCESS: Creating blog: The Human Mechanism of Destruction and Creation in the Age of World War III Fears
[2026-03-30T22:12:41.572Z] ACCESS: Creating blog: Why Do I Feel Judged While Posting on Social Media? A Deep Psychological Understanding of Fear of Being Judged in Everyday Life
[2026-03-31T00:54:24.637Z] ACCESS: Updating blog with ID: 69caf55a4fbb4bc1d75b4c43
[2026-03-31T00:54:26.186Z] ACCESS: Blog updated successfully: 69caf55a4fbb4bc1d75b4c43
[2026-03-31T00:55:24.094Z] ACCESS: Updating blog with ID: 69caf55a4fbb4bc1d75b4c43
[2026-03-31T00:55:24.359Z] ACCESS: Blog updated successfully: 69caf55a4fbb4bc1d75b4c43
[2026-03-31T00:55:24.560Z] ACCESS: Updating blog with ID: 69caf55a4fbb4bc1d75b4c43
[2026-03-31T00:55:25.384Z] ACCESS: Blog updated successfully: 69caf55a4fbb4bc1d75b4c43
[2026-04-06T21:48:46.834Z] ACCESS: Creating blog: afdasfasfasdfasdfa
[2026-04-06T21:48:46.881Z] ACCESS: Creating blog: afdasfasfasdfasdfa
[2026-04-06T21:54:42.390Z] ACCESS: Updating blog with ID: 69d42a3edfc60702d59f4f8f
[2026-04-06T21:54:42.624Z] ACCESS: Blog updated successfully: 69d42a3edfc60702d59f4f8f
[2026-04-06T21:54:59.777Z] ACCESS: Updating blog with ID: 69d42a3edfc60702d59f4f8f
[2026-04-06T21:54:59.966Z] ACCESS: Blog updated successfully: 69d42a3edfc60702d59f4f8f
[2026-04-06T21:56:46.243Z] ACCESS: Updating blog with ID: 69caf55a4fbb4bc1d75b4c43
[2026-04-06T21:56:46.414Z] ACCESS: Blog updated successfully: 69caf55a4fbb4bc1d75b4c43
[2026-04-06T21:57:22.953Z] ACCESS: Updating blog with ID: 69caf55a4fbb4bc1d75b4c43
[2026-04-06T21:57:23.123Z] ACCESS: Blog updated successfully: 69caf55a4fbb4bc1d75b4c43
[2026-04-06T21:58:03.927Z] ACCESS: Updating blog with ID: 69caf55a4fbb4bc1d75b4c43
[2026-04-06T21:58:04.110Z] ACCESS: Blog updated successfully: 69caf55a4fbb4bc1d75b4c43
[2026-04-06T21:58:29.687Z] ACCESS: Updating blog with ID: 69caf55a4fbb4bc1d75b4c43
[2026-04-06T21:58:29.873Z] ACCESS: Blog updated successfully: 69caf55a4fbb4bc1d75b4c43
[2026-04-06T22:21:35.316Z] ACCESS: Updating blog with ID: 69c112f9a8defcf304cd3471
[2026-04-06T22:21:35.589Z] ACCESS: Blog updated successfully: 69c112f9a8defcf304cd3471
[2026-04-06T22:28:25.210Z] ACCESS: Updating blog with ID: 69c0802d79b2cdd618448ef8
[2026-04-06T22:28:25.382Z] ACCESS: Blog updated successfully: 69c0802d79b2cdd618448ef8
[2026-04-06T23:28:32.800Z] ACCESS: Creating blog: 10 Questions Nobody Asks But Everyone Needs To Hear
[2026-04-06T23:29:17.309Z] ACCESS: Updating blog with ID: 69d441a0dfc60702d59f5830
[2026-04-06T23:29:17.633Z] ACCESS: Blog updated successfully: 69d441a0dfc60702d59f5830
[2026-04-06T23:30:10.100Z] ACCESS: Updating blog with ID: 69d441a0dfc60702d59f5830
[2026-04-06T23:30:10.222Z] ACCESS: Updating blog with ID: 69d441a0dfc60702d59f5830
[2026-04-06T23:30:10.359Z] ACCESS: Blog updated successfully: 69d441a0dfc60702d59f5830
[2026-04-06T23:30:10.502Z] ACCESS: Blog updated successfully: 69d441a0dfc60702d59f5830
[2026-04-06T23:30:53.696Z] ACCESS: Updating blog with ID: 69d441a0dfc60702d59f5830
[2026-04-06T23:30:53.943Z] ACCESS: Blog updated successfully: 69d441a0dfc60702d59f5830
[2026-04-06T23:31:52.015Z] ACCESS: Updating blog with ID: 69d441a0dfc60702d59f5830
[2026-04-06T23:31:52.310Z] ACCESS: Blog updated successfully: 69d441a0dfc60702d59f5830
[2026-04-06T23:33:36.973Z] ACCESS: Updating blog with ID: 69d441a0dfc60702d59f5830
[2026-04-06T23:33:37.275Z] ACCESS: Blog updated successfully: 69d441a0dfc60702d59f5830
[2026-04-06T23:37:31.075Z] ACCESS: Updating blog with ID: 69d441a0dfc60702d59f5830
[2026-04-06T23:37:31.305Z] ACCESS: Blog updated successfully: 69d441a0dfc60702d59f5830
[2026-04-06T23:38:10.012Z] ACCESS: Updating blog with ID: 69d441a0dfc60702d59f5830
[2026-04-06T23:38:10.225Z] ACCESS: Blog updated successfully: 69d441a0dfc60702d59f5830
[2026-04-06T23:38:34.567Z] ACCESS: Updating blog with ID: 69d441a0dfc60702d59f5830
[2026-04-06T23:38:34.785Z] ACCESS: Blog updated successfully: 69d441a0dfc60702d59f5830
[2026-04-06T23:54:50.011Z] ACCESS: Updating blog with ID: 69d441a0dfc60702d59f5830
[2026-04-06T23:54:50.591Z] ACCESS: Blog updated successfully: 69d441a0dfc60702d59f5830
[2026-04-06T23:58:04.302Z] ACCESS: Updating blog with ID: 69d441a0dfc60702d59f5830
[2026-04-06T23:58:04.535Z] ACCESS: Blog updated successfully: 69d441a0dfc60702d59f5830
[2026-04-07T00:17:03.442Z] ACCESS: Updating blog with ID: 69d441a0dfc60702d59f5830
[2026-04-07T00:17:03.658Z] ACCESS: Blog updated successfully: 69d441a0dfc60702d59f5830
[2026-04-07T22:22:01.581Z] ACCESS: Creating blog: Spider-Man vs Iron Man: Why Both Heroes Live Rent-Free in Our Heads
[2026-04-07T22:23:07.024Z] ACCESS: Updating blog with ID: 69d5838905e18d121526787b
[2026-04-07T22:23:07.514Z] ACCESS: Blog updated successfully: 69d5838905e18d121526787b
[2026-04-07T22:24:02.831Z] ACCESS: Updating blog with ID: 69d5838905e18d121526787b
[2026-04-07T22:24:03.151Z] ACCESS: Blog updated successfully: 69d5838905e18d121526787b
[2026-04-09T08:59:41.145Z] ACCESS: Creating blog: Laughing Again? or Just Repeating the Same Pain in a Better Way? | Samay Raina’s ‘Still Alive’
[2026-04-09T09:00:17.991Z] ACCESS: Updating blog with ID: 69d76a7d05e18d1215267885
[2026-04-09T09:00:18.207Z] ACCESS: Blog updated successfully: 69d76a7d05e18d1215267885
[2026-05-27T20:36:31.583Z] ACCESS: Creating blog:  Anxiety Management: Effective Home Techniques
[2026-05-27T20:37:53.306Z] ACCESS: Updating blog with ID: 6a1755cf9dbc2e43545ea321
[2026-05-27T20:37:53.922Z] ACCESS: Blog updated successfully: 6a1755cf9dbc2e43545ea321
[2026-06-29T20:08:26.511Z] ACCESS: Creating blog: How to manage anxiety naturally at home
[2026-06-29T20:16:52.324Z] ACCESS: Creating blog: Low libido and stress: how mental health affects intimacy
